// Jest Snapshot v1, https://goo.gl/fbAQLP

exports[`renders correctly 1`] = `
<nav
  className="navContent"
>
  <section>
    <ul
      className="navLinks"
    >
      <li>
        <a
          href="/"
        >
          Home
        </a>
      </li>
      <li>
        <a
          href="/Projects"
        >
          Projects
        </a>
      </li>
      <li>
        <a
          href="/AboutMe"
        >
          About Me
        </a>
      </li>
    </ul>
  </section>
</nav>
`;
